[{
  "name": "space",
  "unicode": [" "]
},{
  "name": "github",
  "unicode": ["\uE001"]
},{
  "name": "arrow-down",
  "unicode": ["\uE002"]
},{
  "name": "arrow-left",
  "unicode": ["\uE003"]
},{
  "name": "arrow-right",
  "unicode": ["\uE004"]
},{
  "name": "arrow-up",
  "unicode": ["\uE005"]
},{
  "name": "google",
  "unicode": ["\uE006"]
},{
  "name": "remove",
  "unicode": ["\uE007"]
},{
  "name": "twitter",
  "unicode": ["\uE008"]
}]
